// Jest Snapshot v1, https://goo.gl/fbAQLP

exports[`should render 1`] = `
.c0 {
  position: relative;
  padding-left: 2em;
  padding-right: 2em;
}

.c0::before,
.c0::after {
  position: absolute;
  font-size: 300%;
  line-height: 50%;
  font-weight: 600;
  color: rgb(219,218,218);
}

.c0::before {
  content: "\\201C";
  left: 0;
  top: 0.625rem;
}

.c0::after {
  content: "\\201D";
  right: 0;
  bottom: 0.625rem;
}

<blockquote
  className="c0"
/>
`;
