// Jest Snapshot v1, https://goo.gl/fbAQLP

exports[`should render 1`] = `
.c0 {
  border: 1px solid rgb(117,116,116);
  font-weight: 500;
  background-color: #fff;
  border-radius: 2px;
  text-transform: uppercase;
  padding: 0.5rem 1.5rem;
  -webkit-transition: background-color 0.2s;
  transition: background-color 0.2s;
  min-height: 2.375rem;
}

.c0:hover,
.c0:focus {
  border-color: #424141;
  background-color: rgba(230,230,230,0.5);
}

.c0:disabled {
  pointer-events: none;
  border-color: rgb(196,194,194);
  color: #787575;
  background-color: rgb(221,220,220);
}

<button
  className="c0"
/>
`;
