// Jest Snapshot v1, https://goo.gl/fbAQLP

exports[`should render <FlatList> 1`] = `
.c1 {
  margin: 0;
  padding-left: 1.5rem;
  list-style-type: none;
  padding-left: 0;
}

.c0 {
  display: -webkit-box;
  display: -webkit-flex;
  display: -ms-flexbox;
  display: flex;
}

<ul
  className="c0 c1"
/>
`;
