// Jest Snapshot v1, https://goo.gl/fbAQLP

exports[`should render 1`] = `
.c0 {
  margin-bottom: 1.45rem;
  overflow: hidden;
  position: relative;
  height: 20vh;
  display: -webkit-box;
  display: -webkit-flex;
  display: -ms-flexbox;
  display: flex;
  max-height: 43.75rem;
}

.c0 .sc-bxivhb {
  position: relative;
  z-index: 2;
}

<div
  className="c0"
/>
`;
