// Jest Snapshot v1, https://goo.gl/fbAQLP

exports[`should render 1`] = `
.c0 {
  border: none;
  width: 28.125rem;
  height: 21.875rem;
}

<iframe
  className="c0"
  src="https://www.google.com/maps/embed/v1/place?q=1315%20West%20Hamburg%20Street%2C%20Baltimore%2C%20MD%2021203&key=foo"
  title="Priority Construction"
/>
`;
