// Jest Snapshot v1, https://goo.gl/fbAQLP

exports[`should render 1`] = `
.c0 {
  font-size: 10vw;
  line-height: 1.2;
}

@media (max-width:10rem) {
  .c0 {
    font-size: 1rem;
  }
}

@media (min-width:31.57334518321rem) {
  .c0 {
    font-size: 3.157334518321rem;
  }
}

<h1
  className="c0"
/>
`;
